Shell version 1.0
